[golden-western.sa/index.html]
[backblue.gif]
[fade.gif]
[index.html]
[golden-western.sa/logo.png]
[cdnjs.cloudflare.com/ajax/libs/font-awesome/6.5.1/css/all.min.css]
[cdn.jsdelivr.net/npm/three@0.132.2/build/three.min.js]
[golden-western.sa/index-2.html]
[flagcdn.com/16x12/us.png]
[flagcdn.com/16x12/sa.png]
[upload.wikimedia.org/wikipedia/en/e/e8/Jeddah_Central_Development_Stadium.jpg]
[ruh-s3.bluvalt.com/api-nhc.sa/s3fs-public/styles/800x500/public/2024-11/SADAYEM desktop6f19.png]
[www.ulmaconstruction.com/en/projects/hydro-projects-wastewater-treatment-plants/water-storage-plant-briman-jeddah-saudi-arabia/gallery/6/@@images/6db97f3d-cb28-4257-ab50-7dfe010fab93.jpg]
[golden-western.sa/afag.jpg]
[golden-western.sa/rawabet.jpg]
[golden-western.sa/etmam.jpg]
[golden-western.sa/index.html]
[cdnjs.cloudflare.com/ajax/libs/font-awesome/6.5.1/css/all.min.css]
[golden-western.sa/index-2.html]
[scontent.ffjr1-1.fna.fbcdn.net/v/t1.6435-9/69016304_102459617792354_7991456600386699264_n1253.jpg]
[golden-western.sa/privacy-policy.html]
[golden-western.sa/privacy-policy.html]
[www.almoayyedintl.com/wp-content/uploads/2020/04/image001aig.png]
